// Jest Snapshot v1, https://goo.gl/fbAQLP

exports[`CategoryChart renders correctly 1`] = `
<View
  style={
    Object {
      "alignItems": "center",
      "flex": 1,
      "justifyContent": "center",
    }
  }
>
  <Text
    style={
      Object {
        "fontSize": 18,
      }
    }
  >
    You have no data for this month.
  </Text>
  <View
    accessible={true}
    collapsable={false}
    focusable={true}
    onClick={[Function]}
    onResponderGrant={[Function]}
    onResponderMove={[Function]}
    onResponderRelease={[Function]}
    onResponderTerminate={[Function]}
    onResponderTerminationRequest={[Function]}
    onStartShouldSetResponder={[Function]}
    style={
      Object {
        "opacity": 1,
      }
    }
  >
    <View
      style={
        Object {
          "backgroundColor": "#74C69D",
          "borderRadius": 12,
          "marginTop": 12,
          "padding": 10,
        }
      }
    >
      <Text
        style={
          Object {
            "color": "#F7FCF8",
            "fontSize": 14,
            "fontWeight": "bold",
          }
        }
      >
        Add Emissions
      </Text>
    </View>
  </View>
</View>
`;

exports[`CategoryChart renders the "no data" message and "add emissions" button when there is no data 1`] = `
<View
  style={
    Object {
      "alignItems": "center",
      "flex": 1,
      "justifyContent": "center",
    }
  }
>
  <Text
    style={
      Object {
        "fontSize": 18,
      }
    }
  >
    You have no data for this month.
  </Text>
  <View
    accessible={true}
    collapsable={false}
    focusable={true}
    onClick={[Function]}
    onResponderGrant={[Function]}
    onResponderMove={[Function]}
    onResponderRelease={[Function]}
    onResponderTerminate={[Function]}
    onResponderTerminationRequest={[Function]}
    onStartShouldSetResponder={[Function]}
    style={
      Object {
        "opacity": 1,
      }
    }
  >
    <View
      style={
        Object {
          "backgroundColor": "#74C69D",
          "borderRadius": 12,
          "marginTop": 12,
          "padding": 10,
        }
      }
    >
      <Text
        style={
          Object {
            "color": "#F7FCF8",
            "fontSize": 14,
            "fontWeight": "bold",
          }
        }
      >
        Add Emissions
      </Text>
    </View>
  </View>
</View>
`;
